2026/07/26 10:03:09 Connected to PostgreSQL
[GIN-debug] [WARNING] Creating an Engine instance with the Logger and Recovery middleware already attached.

[GIN-debug] [WARNING] Running in "debug" mode. Switch to "release" mode in production.
 - using env:	export GIN_MODE=release
 - using code:	gin.SetMode(gin.ReleaseMode)

[GIN-debug] GET    /api/health               --> main.main.func1 (4 handlers)
[GIN-debug] POST   /api/auth/signup          --> github.com/SamiCenkci/Shopping-Website/auth.(*Handler).Register-fm (5 handlers)
[GIN-debug] POST   /api/auth/login           --> github.com/SamiCenkci/Shopping-Website/auth.(*Handler).Login-fm (5 handlers)
[GIN-debug] GET    /api/auth/verify          --> github.com/SamiCenkci/Shopping-Website/auth.(*Handler).Verify-fm (4 handlers)
[GIN-debug] POST   /api/auth/resend-verification --> github.com/SamiCenkci/Shopping-Website/auth.(*Handler).ResendVerification-fm (5 handlers)
[GIN-debug] GET    /api/me                   --> main.main.func2 (5 handlers)
[GIN-debug] GET    /api/listings             --> github.com/SamiCenkci/Shopping-Website/listing.(*Handler).List-fm (5 handlers)
[GIN-debug] GET    /api/listings/mine        --> github.com/SamiCenkci/Shopping-Website/listing.(*Handler).Mine-fm (5 handlers)
[GIN-debug] POST   /api/listings/search      --> github.com/SamiCenkci/Shopping-Website/listing.(*Handler).Search-fm (5 handlers)
[GIN-debug] GET    /api/listings/:id         --> github.com/SamiCenkci/Shopping-Website/listing.(*Handler).GetOne-fm (5 handlers)
[GIN-debug] POST   /api/listings             --> github.com/SamiCenkci/Shopping-Website/listing.(*Handler).Create-fm (7 handlers)
[GIN-debug] PUT    /api/listings/:id         --> github.com/SamiCenkci/Shopping-Website/listing.(*Handler).Update-fm (5 handlers)
[GIN-debug] DELETE /api/listings/:id         --> github.com/SamiCenkci/Shopping-Website/listing.(*Handler).Delete-fm (5 handlers)
[GIN-debug] PUT    /api/listings/:id/status  --> github.com/SamiCenkci/Shopping-Website/listing.(*Handler).SetStatus-fm (5 handlers)
[GIN-debug] POST   /api/uploads/presign      --> github.com/SamiCenkci/Shopping-Website/upload.(*Handler).Presign-fm (5 handlers)
[GIN-debug] GET    /api/users/:id            --> github.com/SamiCenkci/Shopping-Website/user.(*Handler).GetProfile-fm (4 handlers)
[GIN-debug] PUT    /api/users/me             --> github.com/SamiCenkci/Shopping-Website/user.(*Handler).UpdateMe-fm (5 handlers)
[GIN-debug] POST   /api/conversations        --> github.com/SamiCenkci/Shopping-Website/chat.(*Handler).Start-fm (6 handlers)
[GIN-debug] GET    /api/conversations        --> github.com/SamiCenkci/Shopping-Website/chat.(*Handler).List-fm (5 handlers)
[GIN-debug] GET    /api/conversations/:id/messages --> github.com/SamiCenkci/Shopping-Website/chat.(*Handler).Messages-fm (5 handlers)
[GIN-debug] GET    /api/messages/unread-count --> github.com/SamiCenkci/Shopping-Website/chat.(*Handler).UnreadCount-fm (5 handlers)
[GIN-debug] POST   /api/conversations/:id/messages --> github.com/SamiCenkci/Shopping-Website/chat.(*Handler).Send-fm (6 handlers)
[GIN-debug] GET    /api/ws                   --> github.com/SamiCenkci/Shopping-Website/chat.(*Handler).WebSocket-fm (5 handlers)
[GIN-debug] POST   /api/listings/:id/favorite --> github.com/SamiCenkci/Shopping-Website/listing.(*Handler).AddFavorite-fm (5 handlers)
[GIN-debug] DELETE /api/listings/:id/favorite --> github.com/SamiCenkci/Shopping-Website/listing.(*Handler).RemoveFavorite-fm (5 handlers)
[GIN-debug] GET    /api/users/:id/favorites  --> github.com/SamiCenkci/Shopping-Website/listing.(*Handler).MyFavorites-fm (5 handlers)
[GIN-debug] PUT    /api/listings/:id/sold    --> github.com/SamiCenkci/Shopping-Website/listing.(*Handler).MarkSold-fm (5 handlers)
[GIN-debug] POST   /api/reviews              --> github.com/SamiCenkci/Shopping-Website/listing.(*Handler).CreateReview-fm (5 handlers)
[GIN-debug] GET    /api/users/:id/reviews    --> github.com/SamiCenkci/Shopping-Website/listing.(*Handler).UserReviews-fm (4 handlers)
[GIN-debug] GET    /api/listings/:id/buyers  --> github.com/SamiCenkci/Shopping-Website/listing.(*Handler).ListingBuyers-fm (5 handlers)
[GIN-debug] DELETE /api/reviews/:id          --> github.com/SamiCenkci/Shopping-Website/listing.(*Handler).DeleteReview-fm (5 handlers)
[GIN-debug] POST   /api/reviews/:id/reply    --> github.com/SamiCenkci/Shopping-Website/listing.(*Handler).ReplyToReview-fm (5 handlers)
[GIN-debug] GET    /api/reviews/given        --> github.com/SamiCenkci/Shopping-Website/listing.(*Handler).MyGivenReviews-fm (5 handlers)
[GIN-debug] GET    /api/listings/:id/can-review --> github.com/SamiCenkci/Shopping-Website/listing.(*Handler).CanReview-fm (5 handlers)
[GIN-debug] POST   /api/saved-searches       --> github.com/SamiCenkci/Shopping-Website/listing.(*Handler).CreateSavedSearch-fm (5 handlers)
[GIN-debug] GET    /api/saved-searches       --> github.com/SamiCenkci/Shopping-Website/listing.(*Handler).ListSavedSearches-fm (5 handlers)
[GIN-debug] DELETE /api/saved-searches/:id   --> github.com/SamiCenkci/Shopping-Website/listing.(*Handler).DeleteSavedSearch-fm (5 handlers)
[GIN-debug] POST   /api/internal/run-alerts  --> github.com/SamiCenkci/Shopping-Website/listing.(*Handler).RunAlerts-fm (4 handlers)
[GIN-debug] POST   /api/listings/:id/report  --> github.com/SamiCenkci/Shopping-Website/listing.(*Handler).ReportListing-fm (5 handlers)
[GIN-debug] GET    /api/admin/reports        --> github.com/SamiCenkci/Shopping-Website/listing.(*Handler).ListReports-fm (5 handlers)
[GIN-debug] PUT    /api/admin/reports/:id    --> github.com/SamiCenkci/Shopping-Website/listing.(*Handler).UpdateReportStatus-fm (5 handlers)
[GIN-debug] DELETE /api/admin/listings/:id   --> github.com/SamiCenkci/Shopping-Website/listing.(*Handler).AdminDeleteListing-fm (5 handlers)
[GIN-debug] Listening and serving HTTP on :8080
